
[Rover Status Mapper MapRoverStatus must map rover status correctly - 1]
{
 "errors": [
  {
   "cause": "NoApproval",
   "message": "Approval is either rejected or suspended"
  }
 ],
 "processingState": "done",
 "state": "blocked",
 "warnings": [
  {
   "message": "Atleast one sub-resource is being processed"
  }
 ]
}
---

[Rover Status Mapper MapRoverResponse must map rover response correctly - 1]
{
 "createdAt": "2025-09-18T10:39:44+02:00",
 "errors": [
  {
   "cause": "NoApproval",
   "details": "Condition: Ready, Status: False, Message: Approval is either rejected or suspended",
   "message": "Approval is either rejected or suspended",
   "resource": {
    "apiVersion": "api.cp.ei.telekom.de/v1",
    "kind": "ApiSubscription",
    "name": "rover-local-sub--eni-distr-v1",
    "namespace": "poc--eni--hyperion"
   }
  }
 ],
 "overallStatus": "blocked",
 "processedAt": "2025-10-08T09:16:40+02:00",
 "processingState": "done",
 "state": "blocked"
}
---

[Rover Status Mapper FillStateInfo if no processing condition exists status will be none and warnings are created - 1]
{
 "processingState": "none",
 "state": "none",
 "warnings": [
  {
   "message": "Processing condition not found"
  }
 ]
}
---

[Rover Status Mapper FillStateInfo if no ready condition exists status will be none and warnings are created - 1]
{
 "processingState": "none",
 "state": "none",
 "warnings": [
  {
   "message": "Ready condition not found"
  }
 ]
}
---

[Rover Status Mapper FillStateInfo if processing condition status will be blocked and processing - 1]
{
 "processingState": "processing",
 "state": "blocked"
}
---

[Rover Status Mapper FillStateInfo if processing condition is blocked status will be blocked and warning - 1]
{
 "processingState": "done",
 "state": "blocked",
 "warnings": [
  {
   "message": "Blocked due to dependency"
  }
 ]
}
---

[Rover Status Mapper FillStateInfo if processing done and ready true status will be complete - 1]
{
 "processingState": "done",
 "state": "complete"
}
---

[Rover Status Mapper FillStateInfo if processing done and ready false status will be blocked and warning - 1]
{
 "processingState": "done",
 "state": "blocked",
 "warnings": [
  {
   "message": "Not ready yet"
  }
 ]
}
---

[Rover Status Mapper FillStateInfo if processing failed status will be failed and error - 1]
{
 "errors": [
  {
   "message": "Processing failed"
  }
 ],
 "processingState": "failed",
 "state": ""
}
---
