
[Application Controller GET /applications should list applications with different scopes team scope - 1]
{
 "_links": {
  "first": "/applications?offset=0&limit=20",
  "last": "/applications?offset=0&limit=20",
  "self": "/applications?offset=0&limit=20"
 },
 "items": [
  {
   "id": "eni--hyperion--my-app",
   "name": "my-app",
   "security": {
    "ipRestrictions": {
     "allow": [
      "10.0.0.0/8",
      "172.16.0.0/12"
     ]
    }
   },
   "status": "<Any value>",
   "team": {
    "email": "hyperion@telekom.de",
    "hub": "eni",
    "name": "hyperion"
   },
   "zone": "dataplane1"
  }
 ],
 "paging": {
  "last_page": 1,
  "page": 1,
  "total": 1
 }
}
---

[Application Controller GET /applications should list applications with different scopes group scope - 1]
{
 "_links": {
  "first": "/applications?offset=0&limit=20",
  "last": "/applications?offset=0&limit=20",
  "self": "/applications?offset=0&limit=20"
 },
 "items": [
  {
   "id": "eni--hyperion--my-app",
   "name": "my-app",
   "security": {
    "ipRestrictions": {
     "allow": [
      "10.0.0.0/8",
      "172.16.0.0/12"
     ]
    }
   },
   "status": "<Any value>",
   "team": {
    "email": "hyperion@telekom.de",
    "hub": "eni",
    "name": "hyperion"
   },
   "zone": "dataplane1"
  }
 ],
 "paging": {
  "last_page": 1,
  "page": 1,
  "total": 1
 }
}
---

[Application Controller GET /applications should list applications with different scopes admin scope - 1]
{
 "_links": {
  "first": "/applications?offset=0&limit=20",
  "last": "/applications?offset=0&limit=20",
  "self": "/applications?offset=0&limit=20"
 },
 "items": [
  {
   "id": "eni--hyperion--my-app",
   "name": "my-app",
   "security": {
    "ipRestrictions": {
     "allow": [
      "10.0.0.0/8",
      "172.16.0.0/12"
     ]
    }
   },
   "status": "<Any value>",
   "team": {
    "email": "hyperion@telekom.de",
    "hub": "eni",
    "name": "hyperion"
   },
   "zone": "dataplane1"
  }
 ],
 "paging": {
  "last_page": 1,
  "page": 1,
  "total": 1
 }
}
---

[Application Controller GET /applications should return applications for a different team (empty if no data) - 1]
{
 "_links": {
  "first": "/applications?offset=0&limit=20",
  "last": "/applications?offset=0&limit=20",
  "self": "/applications?offset=0&limit=20"
 },
 "items": [
  {
   "id": "eni--hyperion--my-app",
   "name": "my-app",
   "security": {
    "ipRestrictions": {
     "allow": [
      "10.0.0.0/8",
      "172.16.0.0/12"
     ]
    }
   },
   "status": {
    "processingState": "done",
    "state": "complete"
   },
   "team": {
    "email": "hyperion@telekom.de",
    "hub": "eni",
    "name": "hyperion"
   },
   "zone": "dataplane1"
  }
 ],
 "paging": {
  "last_page": 1,
  "page": 1,
  "total": 1
 }
}
---

[Application Controller GET /applications/:applicationId should return an application with different scopes team scope - 1]
{
 "id": "eni--hyperion--my-app",
 "name": "my-app",
 "security": {
  "ipRestrictions": {
   "allow": [
    "10.0.0.0/8",
    "172.16.0.0/12"
   ]
  }
 },
 "status": "<Any value>",
 "team": {
  "email": "hyperion@telekom.de",
  "hub": "eni",
  "name": "hyperion"
 },
 "zone": "dataplane1"
}
---

[Application Controller GET /applications/:applicationId should return an application with different scopes group scope - 1]
{
 "id": "eni--hyperion--my-app",
 "name": "my-app",
 "security": {
  "ipRestrictions": {
   "allow": [
    "10.0.0.0/8",
    "172.16.0.0/12"
   ]
  }
 },
 "status": "<Any value>",
 "team": {
  "email": "hyperion@telekom.de",
  "hub": "eni",
  "name": "hyperion"
 },
 "zone": "dataplane1"
}
---

[Application Controller GET /applications/:applicationId should return an application with different scopes admin scope - 1]
{
 "id": "eni--hyperion--my-app",
 "name": "my-app",
 "security": {
  "ipRestrictions": {
   "allow": [
    "10.0.0.0/8",
    "172.16.0.0/12"
   ]
  }
 },
 "status": "<Any value>",
 "team": {
  "email": "hyperion@telekom.de",
  "hub": "eni",
  "name": "hyperion"
 },
 "zone": "dataplane1"
}
---

[Application Controller GET /applications/:applicationId/status should return application status with different scopes team scope - 1]
{
 "createdAt": "<Any value>",
 "overallStatus": "complete",
 "processedAt": "<Any value>",
 "processingState": "done",
 "state": "complete"
}
---

[Application Controller GET /applications/:applicationId/status should return application status with different scopes group scope - 1]
{
 "createdAt": "<Any value>",
 "overallStatus": "complete",
 "processedAt": "<Any value>",
 "processingState": "done",
 "state": "complete"
}
---

[Application Controller GET /applications/:applicationId/status should return application status with different scopes admin scope - 1]
{
 "createdAt": "<Any value>",
 "overallStatus": "complete",
 "processedAt": "<Any value>",
 "processingState": "done",
 "state": "complete"
}
---
