
[FileSpecification Mapper MapRequest must map a FileSpecification to a CRD correctly - 1]
&v1.FileSpecification{
    TypeMeta:   v1.TypeMeta{Kind:"FileSpecification", APIVersion:"rover.cp.ei.telekom.de/v1"},
    ObjectMeta: v1.ObjectMeta{
        Name:                       "demo-invoices-v1",
        GenerateName:               "",
        Namespace:                  "poc--eni--galatea",
        SelfLink:                   "",
        UID:                        "",
        ResourceVersion:            "",
        Generation:                 0,
        CreationTimestamp:          time.Date(1, time.January, 1, 0, 0, 0, 0, time.UTC),
        DeletionTimestamp:          (*v1.Time)(nil),
        DeletionGracePeriodSeconds: (*int64)(nil),
        Labels:                     {"cp.ei.telekom.de/environment":"poc"},
        Annotations:                {},
        OwnerReferences:            nil,
        Finalizers:                 nil,
        ManagedFields:              nil,
    },
    Spec:   v1.FileSpecificationSpec{Type:"demo.invoices.v1", Version:"1.0.0", Description:"used for dds integration demo", Specification:"", StorageType:""},
    Status: v1.FileSpecificationStatus{},
}
---
